<?xml version="1.0" encoding="UTF-8"?>
<TestRun id="93b95a2a-11e1-4cfa-805e-4dd489894050" name="Administrator@MACWIN 2010-12-19 00:37:24" runUser="MACWIN\Administrator" xmlns="http://microsoft.com/schemas/VisualStudio/TeamTest/2010">
  <TestSettings name="Local" id="2ee9d554-c64d-4dec-bbdc-67f232ae4471">
    <Description>These are default test settings for a local test run.</Description>
    <Deployment enabled="false" runDeploymentRoot="Administrator_MACWIN 2010-12-19 00_37_24">
      <DeploymentItem filename="C:\Code\Owin.Wcf\Owin.Wcf\bin\Debug\Owin.Wcf.dll" />
    </Deployment>
    <Execution>
      <TestTypeSpecific />
      <AgentRule name="Execution Agents">
      </AgentRule>
    </Execution>
  </TestSettings>
  <Times creation="2010-12-19T00:37:24.9794921-08:00" queuing="2010-12-19T00:37:28.8544921-08:00" start="2010-12-19T00:37:29.1357421-08:00" finish="2010-12-19T00:37:30.4013671-08:00" />
  <ResultSummary outcome="Failed">
    <Counters total="8" executed="8" error="0" failed="8" timeout="0" aborted="0" inconclusive="0" passedButRunAborted="0" notRunnable="0" notExecuted="0" disconnected="0" warning="0" passed="0" completed="0" inProgress="0" pending="0" />
  </ResultSummary>
  <TestDefinitions>
    <UnitTest name="then_the_headers_are_set" storage="c:\code\owin.wcf\owin.wcf.test\bin\debug\owin.wcf.test.dll" id="4b645d6e-678b-ab21-c54b-ca24668ed413">
      <Execution id="7dfc36d4-c181-4a77-bbd7-ef476e74c603" />
      <TestMethod codeBase="C:/Code/Owin.Wcf/Owin.Wcf.Test/bin/Debug/Owin.Wcf.Test.DLL" adapterTypeName="Microsoft.VisualStudio.TestTools.TestTypes.Unit.UnitTestAdapter, Microsoft.VisualStudio.QualityTools.Tips.UnitTest.Adapter, Version=10.0.0.0, Culture=neutral, PublicKeyToken=b03f5f7f11d50a3a" className="Given_a_host_is_configured_with_an_owin_connector.when_the_request_is_created, Owin.Wcf.Test, Version=1.0.0.0, Culture=neutral, PublicKeyToken=null" name="then_the_headers_are_set" />
    </UnitTest>
    <UnitTest name="then_the_content_type_header_is_set" storage="c:\code\owin.wcf\owin.wcf.test\bin\debug\owin.wcf.test.dll" id="db8369ff-c1c7-ce4e-ee84-b13b467720b5">
      <Execution id="38cd79c9-468e-4d80-b82f-0c55d2ceeac8" />
      <TestMethod codeBase="C:/Code/Owin.Wcf/Owin.Wcf.Test/bin/Debug/Owin.Wcf.Test.DLL" adapterTypeName="Microsoft.VisualStudio.TestTools.TestTypes.Unit.UnitTestAdapter, Microsoft.VisualStudio.QualityTools.Tips.UnitTest.Adapter, Version=10.0.0.0, Culture=neutral, PublicKeyToken=b03f5f7f11d50a3a" className="Given_a_host_is_configured_with_an_owin_connector.when_the_request_is_created, Owin.Wcf.Test, Version=1.0.0.0, Culture=neutral, PublicKeyToken=null" name="then_the_content_type_header_is_set" />
    </UnitTest>
    <UnitTest name="then_the_accept_headers_are_set" storage="c:\code\owin.wcf\owin.wcf.test\bin\debug\owin.wcf.test.dll" id="d27c5fbc-9541-c318-9760-98b75fa633b5">
      <Execution id="b558ecc3-815c-41e9-afdd-a20192bbe9bd" />
      <TestMethod codeBase="C:/Code/Owin.Wcf/Owin.Wcf.Test/bin/Debug/Owin.Wcf.Test.DLL" adapterTypeName="Microsoft.VisualStudio.TestTools.TestTypes.Unit.UnitTestAdapter, Microsoft.VisualStudio.QualityTools.Tips.UnitTest.Adapter, Version=10.0.0.0, Culture=neutral, PublicKeyToken=b03f5f7f11d50a3a" className="Given_a_host_is_configured_with_an_owin_connector.when_the_request_is_created, Owin.Wcf.Test, Version=1.0.0.0, Culture=neutral, PublicKeyToken=null" name="then_the_accept_headers_are_set" />
    </UnitTest>
    <UnitTest name="then_the_method_is_set" storage="c:\code\owin.wcf\owin.wcf.test\bin\debug\owin.wcf.test.dll" id="c2e2dba8-3ea6-b1cd-078a-3143c83ac0f1">
      <Execution id="5ef68f16-a9d5-4170-9a48-11cee97d01c7" />
      <TestMethod codeBase="C:/Code/Owin.Wcf/Owin.Wcf.Test/bin/Debug/Owin.Wcf.Test.DLL" adapterTypeName="Microsoft.VisualStudio.TestTools.TestTypes.Unit.UnitTestAdapter, Microsoft.VisualStudio.QualityTools.Tips.UnitTest.Adapter, Version=10.0.0.0, Culture=neutral, PublicKeyToken=b03f5f7f11d50a3a" className="Given_a_host_is_configured_with_an_owin_connector.when_the_request_is_created, Owin.Wcf.Test, Version=1.0.0.0, Culture=neutral, PublicKeyToken=null" name="then_the_method_is_set" />
    </UnitTest>
    <UnitTest name="then_a_response_is_received" storage="c:\code\owin.wcf\owin.wcf.test\bin\debug\owin.wcf.test.dll" id="3c4c2fbc-0e8c-482f-6b42-0b61cae3d5f3">
      <Execution id="fdb48f00-f1c0-4dba-a131-e6c1616fc822" />
      <TestMethod codeBase="C:/Code/Owin.Wcf/Owin.Wcf.Test/bin/Debug/Owin.Wcf.Test.DLL" adapterTypeName="Microsoft.VisualStudio.TestTools.TestTypes.Unit.UnitTestAdapter, Microsoft.VisualStudio.QualityTools.Tips.UnitTest.Adapter, Version=10.0.0.0, Culture=neutral, PublicKeyToken=b03f5f7f11d50a3a" className="Given_a_host_is_configured_with_an_owin_connector.when_a_request_is_received, Owin.Wcf.Test, Version=1.0.0.0, Culture=neutral, PublicKeyToken=null" name="then_a_response_is_received" />
    </UnitTest>
    <UnitTest name="then_an_application_is_invoked" storage="c:\code\owin.wcf\owin.wcf.test\bin\debug\owin.wcf.test.dll" id="12c57a15-8248-e279-2241-0816182fa144">
      <Execution id="c4943084-36f1-460d-a596-ad87aa367650" />
      <TestMethod codeBase="C:/Code/Owin.Wcf/Owin.Wcf.Test/bin/Debug/Owin.Wcf.Test.DLL" adapterTypeName="Microsoft.VisualStudio.TestTools.TestTypes.Unit.UnitTestAdapter, Microsoft.VisualStudio.QualityTools.Tips.UnitTest.Adapter, Version=10.0.0.0, Culture=neutral, PublicKeyToken=b03f5f7f11d50a3a" className="Given_a_host_is_configured_with_an_owin_connector.when_a_request_is_received, Owin.Wcf.Test, Version=1.0.0.0, Culture=neutral, PublicKeyToken=null" name="then_an_application_is_invoked" />
    </UnitTest>
    <UnitTest name="then_an_owin_request_is_created" storage="c:\code\owin.wcf\owin.wcf.test\bin\debug\owin.wcf.test.dll" id="08dbdfa8-4215-0bd3-65c5-82f8778a81ab">
      <Execution id="26ac1ab3-1c69-4c48-b50f-4e767252ab58" />
      <TestMethod codeBase="C:/Code/Owin.Wcf/Owin.Wcf.Test/bin/Debug/Owin.Wcf.Test.DLL" adapterTypeName="Microsoft.VisualStudio.TestTools.TestTypes.Unit.UnitTestAdapter, Microsoft.VisualStudio.QualityTools.Tips.UnitTest.Adapter, Version=10.0.0.0, Culture=neutral, PublicKeyToken=b03f5f7f11d50a3a" className="Given_a_host_is_configured_with_an_owin_connector.when_a_request_is_received, Owin.Wcf.Test, Version=1.0.0.0, Culture=neutral, PublicKeyToken=null" name="then_an_owin_request_is_created" />
    </UnitTest>
    <UnitTest name="then_the_uri_is_set" storage="c:\code\owin.wcf\owin.wcf.test\bin\debug\owin.wcf.test.dll" id="a019902a-1b92-eceb-831b-bea1e11cd26f">
      <Execution id="e683ff10-1bb1-4df1-b8d0-861c16844a33" />
      <TestMethod codeBase="C:/Code/Owin.Wcf/Owin.Wcf.Test/bin/Debug/Owin.Wcf.Test.DLL" adapterTypeName="Microsoft.VisualStudio.TestTools.TestTypes.Unit.UnitTestAdapter, Microsoft.VisualStudio.QualityTools.Tips.UnitTest.Adapter, Version=10.0.0.0, Culture=neutral, PublicKeyToken=b03f5f7f11d50a3a" className="Given_a_host_is_configured_with_an_owin_connector.when_the_request_is_created, Owin.Wcf.Test, Version=1.0.0.0, Culture=neutral, PublicKeyToken=null" name="then_the_uri_is_set" />
    </UnitTest>
  </TestDefinitions>
  <TestLists>
    <TestList name="Results Not in a List" id="8c84fa94-04c1-424b-9868-57a2d4851a1d" />
    <TestList name="All Loaded Results" id="19431567-8539-422a-85d7-44ee4e166bda" />
  </TestLists>
  <TestEntries>
    <TestEntry testId="08dbdfa8-4215-0bd3-65c5-82f8778a81ab" executionId="26ac1ab3-1c69-4c48-b50f-4e767252ab58" testListId="8c84fa94-04c1-424b-9868-57a2d4851a1d" />
    <TestEntry testId="12c57a15-8248-e279-2241-0816182fa144" executionId="c4943084-36f1-460d-a596-ad87aa367650" testListId="8c84fa94-04c1-424b-9868-57a2d4851a1d" />
    <TestEntry testId="3c4c2fbc-0e8c-482f-6b42-0b61cae3d5f3" executionId="fdb48f00-f1c0-4dba-a131-e6c1616fc822" testListId="8c84fa94-04c1-424b-9868-57a2d4851a1d" />
    <TestEntry testId="4b645d6e-678b-ab21-c54b-ca24668ed413" executionId="7dfc36d4-c181-4a77-bbd7-ef476e74c603" testListId="8c84fa94-04c1-424b-9868-57a2d4851a1d" />
    <TestEntry testId="a019902a-1b92-eceb-831b-bea1e11cd26f" executionId="e683ff10-1bb1-4df1-b8d0-861c16844a33" testListId="8c84fa94-04c1-424b-9868-57a2d4851a1d" />
    <TestEntry testId="c2e2dba8-3ea6-b1cd-078a-3143c83ac0f1" executionId="5ef68f16-a9d5-4170-9a48-11cee97d01c7" testListId="8c84fa94-04c1-424b-9868-57a2d4851a1d" />
    <TestEntry testId="d27c5fbc-9541-c318-9760-98b75fa633b5" executionId="b558ecc3-815c-41e9-afdd-a20192bbe9bd" testListId="8c84fa94-04c1-424b-9868-57a2d4851a1d" />
    <TestEntry testId="db8369ff-c1c7-ce4e-ee84-b13b467720b5" executionId="38cd79c9-468e-4d80-b82f-0c55d2ceeac8" testListId="8c84fa94-04c1-424b-9868-57a2d4851a1d" />
  </TestEntries>
  <Results>
    <UnitTestResult executionId="26ac1ab3-1c69-4c48-b50f-4e767252ab58" testId="08dbdfa8-4215-0bd3-65c5-82f8778a81ab" testName="then_an_owin_request_is_created" computerName="MACWIN" duration="00:00:00.0814074" startTime="2010-12-19T00:37:29.3701171-08:00" endTime="2010-12-19T00:37:29.8701171-08:00" testType="13cdc9d9-ddb5-4fa4-a97d-d965ccfc6d4b" outcome="Failed" testListId="8c84fa94-04c1-424b-9868-57a2d4851a1d" relativeResultsDirectory="26ac1ab3-1c69-4c48-b50f-4e767252ab58">
      <Output>
        <ErrorInfo>
          <Message>Assert.Fail failed. </Message>
          <StackTrace>   at Given_a_host_is_configured_with_an_owin_connector.when_a_request_is_received.then_an_owin_request_is_created() in C:\Code\Owin.Wcf\Owin.Wcf.Test\Owin connector specs.cs:line 15
</StackTrace>
        </ErrorInfo>
      </Output>
    </UnitTestResult>
    <UnitTestResult executionId="c4943084-36f1-460d-a596-ad87aa367650" testId="12c57a15-8248-e279-2241-0816182fa144" testName="then_an_application_is_invoked" computerName="MACWIN" duration="00:00:00.0044714" startTime="2010-12-19T00:37:29.9013671-08:00" endTime="2010-12-19T00:37:29.9013671-08:00" testType="13cdc9d9-ddb5-4fa4-a97d-d965ccfc6d4b" outcome="Failed" testListId="8c84fa94-04c1-424b-9868-57a2d4851a1d" relativeResultsDirectory="c4943084-36f1-460d-a596-ad87aa367650">
      <Output>
        <ErrorInfo>
          <Message>Assert.Fail failed. </Message>
          <StackTrace>   at Given_a_host_is_configured_with_an_owin_connector.when_a_request_is_received.then_an_application_is_invoked() in C:\Code\Owin.Wcf\Owin.Wcf.Test\Owin connector specs.cs:line 21
</StackTrace>
        </ErrorInfo>
      </Output>
    </UnitTestResult>
    <UnitTestResult executionId="fdb48f00-f1c0-4dba-a131-e6c1616fc822" testId="3c4c2fbc-0e8c-482f-6b42-0b61cae3d5f3" testName="then_a_response_is_received" computerName="MACWIN" duration="00:00:00.0012355" startTime="2010-12-19T00:37:29.9326171-08:00" endTime="2010-12-19T00:37:29.9482421-08:00" testType="13cdc9d9-ddb5-4fa4-a97d-d965ccfc6d4b" outcome="Failed" testListId="8c84fa94-04c1-424b-9868-57a2d4851a1d" relativeResultsDirectory="fdb48f00-f1c0-4dba-a131-e6c1616fc822">
      <Output>
        <ErrorInfo>
          <Message>Assert.Fail failed. </Message>
          <StackTrace>   at Given_a_host_is_configured_with_an_owin_connector.when_a_request_is_received.then_a_response_is_received() in C:\Code\Owin.Wcf\Owin.Wcf.Test\Owin connector specs.cs:line 27
</StackTrace>
        </ErrorInfo>
      </Output>
    </UnitTestResult>
    <UnitTestResult executionId="7dfc36d4-c181-4a77-bbd7-ef476e74c603" testId="4b645d6e-678b-ab21-c54b-ca24668ed413" testName="then_the_headers_are_set" computerName="MACWIN" duration="00:00:00.0015374" startTime="2010-12-19T00:37:29.9482421-08:00" endTime="2010-12-19T00:37:29.9638671-08:00" testType="13cdc9d9-ddb5-4fa4-a97d-d965ccfc6d4b" outcome="Failed" testListId="8c84fa94-04c1-424b-9868-57a2d4851a1d" relativeResultsDirectory="7dfc36d4-c181-4a77-bbd7-ef476e74c603">
      <Output>
        <ErrorInfo>
          <Message>Assert.Fail failed. </Message>
          <StackTrace>   at Given_a_host_is_configured_with_an_owin_connector.when_the_request_is_created.then_the_headers_are_set() in C:\Code\Owin.Wcf\Owin.Wcf.Test\Owin connector specs.cs:line 61
</StackTrace>
        </ErrorInfo>
      </Output>
    </UnitTestResult>
    <UnitTestResult executionId="e683ff10-1bb1-4df1-b8d0-861c16844a33" testId="a019902a-1b92-eceb-831b-bea1e11cd26f" testName="then_the_uri_is_set" computerName="MACWIN" duration="00:00:00.0029352" startTime="2010-12-19T00:37:29.9794921-08:00" endTime="2010-12-19T00:37:29.9951171-08:00" testType="13cdc9d9-ddb5-4fa4-a97d-d965ccfc6d4b" outcome="Failed" testListId="8c84fa94-04c1-424b-9868-57a2d4851a1d" relativeResultsDirectory="e683ff10-1bb1-4df1-b8d0-861c16844a33">
      <Output>
        <ErrorInfo>
          <Message>Assert.Fail failed. </Message>
          <StackTrace>   at Given_a_host_is_configured_with_an_owin_connector.when_the_request_is_created.then_the_uri_is_set() in C:\Code\Owin.Wcf\Owin.Wcf.Test\Owin connector specs.cs:line 37
</StackTrace>
        </ErrorInfo>
      </Output>
    </UnitTestResult>
    <UnitTestResult executionId="5ef68f16-a9d5-4170-9a48-11cee97d01c7" testId="c2e2dba8-3ea6-b1cd-078a-3143c83ac0f1" testName="then_the_method_is_set" computerName="MACWIN" duration="00:00:00.0014854" startTime="2010-12-19T00:37:29.9951171-08:00" endTime="2010-12-19T00:37:30.0107421-08:00" testType="13cdc9d9-ddb5-4fa4-a97d-d965ccfc6d4b" outcome="Failed" testListId="8c84fa94-04c1-424b-9868-57a2d4851a1d" relativeResultsDirectory="5ef68f16-a9d5-4170-9a48-11cee97d01c7">
      <Output>
        <ErrorInfo>
          <Message>Assert.Fail failed. </Message>
          <StackTrace>   at Given_a_host_is_configured_with_an_owin_connector.when_the_request_is_created.then_the_method_is_set() in C:\Code\Owin.Wcf\Owin.Wcf.Test\Owin connector specs.cs:line 43
</StackTrace>
        </ErrorInfo>
      </Output>
    </UnitTestResult>
    <UnitTestResult executionId="b558ecc3-815c-41e9-afdd-a20192bbe9bd" testId="d27c5fbc-9541-c318-9760-98b75fa633b5" testName="then_the_accept_headers_are_set" computerName="MACWIN" duration="00:00:00.0039055" startTime="2010-12-19T00:37:30.0107421-08:00" endTime="2010-12-19T00:37:30.0263671-08:00" testType="13cdc9d9-ddb5-4fa4-a97d-d965ccfc6d4b" outcome="Failed" testListId="8c84fa94-04c1-424b-9868-57a2d4851a1d" relativeResultsDirectory="b558ecc3-815c-41e9-afdd-a20192bbe9bd">
      <Output>
        <ErrorInfo>
          <Message>Assert.Fail failed. </Message>
          <StackTrace>   at Given_a_host_is_configured_with_an_owin_connector.when_the_request_is_created.then_the_accept_headers_are_set() in C:\Code\Owin.Wcf\Owin.Wcf.Test\Owin connector specs.cs:line 49
</StackTrace>
        </ErrorInfo>
      </Output>
    </UnitTestResult>
    <UnitTestResult executionId="38cd79c9-468e-4d80-b82f-0c55d2ceeac8" testId="db8369ff-c1c7-ce4e-ee84-b13b467720b5" testName="then_the_content_type_header_is_set" computerName="MACWIN" duration="00:00:00.0017142" startTime="2010-12-19T00:37:30.0419921-08:00" endTime="2010-12-19T00:37:30.0576171-08:00" testType="13cdc9d9-ddb5-4fa4-a97d-d965ccfc6d4b" outcome="Failed" testListId="8c84fa94-04c1-424b-9868-57a2d4851a1d" relativeResultsDirectory="38cd79c9-468e-4d80-b82f-0c55d2ceeac8">
      <Output>
        <ErrorInfo>
          <Message>Assert.Fail failed. </Message>
          <StackTrace>   at Given_a_host_is_configured_with_an_owin_connector.when_the_request_is_created.then_the_content_type_header_is_set() in C:\Code\Owin.Wcf\Owin.Wcf.Test\Owin connector specs.cs:line 55
</StackTrace>
        </ErrorInfo>
      </Output>
    </UnitTestResult>
  </Results>
</TestRun>